// Jest Snapshot v1, https://goo.gl/fbAQLP

exports[`should render the subject list 1`] = `
<div>
  <nav
    style="opacity: 0; transform: translateX(100vw) translateZ(0);"
  >
    <a
      href="/ECMAScript"
    >
      <div
        class="subjcontainer"
      >
        <div
          class="letter"
        >
          E
        </div>
        <div
          class="letter"
        >
          C
        </div>
        <div
          class="letter"
        >
          M
        </div>
        <div
          class="letter"
        >
          A
        </div>
        <div
          class="letter"
        >
          S
        </div>
        <div
          class="letter"
        >
          c
        </div>
        <div
          class="letter"
        >
          r
        </div>
        <div
          class="letter"
        >
          i
        </div>
        <div
          class="letter"
        >
          p
        </div>
        <div
          class="letter"
        >
          t
        </div>
      </div>
    </a>
    <a
      href="/Virtual DOM"
    >
      <div
        class="subjcontainer"
      >
        <div
          class="letter"
        >
          V
        </div>
        <div
          class="letter"
        >
          i
        </div>
        <div
          class="letter"
        >
          r
        </div>
        <div
          class="letter"
        >
          t
        </div>
        <div
          class="letter"
        >
          u
        </div>
        <div
          class="letter"
        >
          a
        </div>
        <div
          class="letter"
        >
          l
        </div>
        <div
          class="letter"
        >
           
        </div>
        <div
          class="letter"
        >
          D
        </div>
        <div
          class="letter"
        >
          O
        </div>
        <div
          class="letter"
        >
          M
        </div>
      </div>
    </a>
    <a
      href="/useReducer"
    >
      <div
        class="subjcontainer"
      >
        <div
          class="letter"
        >
          u
        </div>
        <div
          class="letter"
        >
          s
        </div>
        <div
          class="letter"
        >
          e
        </div>
        <div
          class="letter"
        >
          R
        </div>
        <div
          class="letter"
        >
          e
        </div>
        <div
          class="letter"
        >
          d
        </div>
        <div
          class="letter"
        >
          u
        </div>
        <div
          class="letter"
        >
          c
        </div>
        <div
          class="letter"
        >
          e
        </div>
        <div
          class="letter"
        >
          r
        </div>
      </div>
    </a>
    <a
      href="/useRef"
    >
      <div
        class="subjcontainer"
      >
        <div
          class="letter"
        >
          u
        </div>
        <div
          class="letter"
        >
          s
        </div>
        <div
          class="letter"
        >
          e
        </div>
        <div
          class="letter"
        >
          R
        </div>
        <div
          class="letter"
        >
          e
        </div>
        <div
          class="letter"
        >
          f
        </div>
      </div>
    </a>
    <a
      href="/useCallback"
    >
      <div
        class="subjcontainer"
      >
        <div
          class="letter"
        >
          u
        </div>
        <div
          class="letter"
        >
          s
        </div>
        <div
          class="letter"
        >
          e
        </div>
        <div
          class="letter"
        >
          C
        </div>
        <div
          class="letter"
        >
          a
        </div>
        <div
          class="letter"
        >
          l
        </div>
        <div
          class="letter"
        >
          l
        </div>
        <div
          class="letter"
        >
          b
        </div>
        <div
          class="letter"
        >
          a
        </div>
        <div
          class="letter"
        >
          c
        </div>
        <div
          class="letter"
        >
          k
        </div>
      </div>
    </a>
  </nav>
</div>
`;
